stm32wbxx_ll_system.h:2221:26:LL_FLASH_GetUDN	4	static
stm32wbxx_ll_system.h:2233:26:LL_FLASH_GetDeviceID	4	static
stm32wbxx_ll_system.h:2245:26:LL_FLASH_GetSTCompanyID	4	static
app_ble.c:391:6:APP_BLE_Init	64	static
app_ble.c:508:28:SVCCTL_App_Notification	128	static
app_ble.c:1117:22:APP_BLE_Get_Client_Connection_Status	24	static
app_ble.c:1163:6:APP_BLE_Key_Button1_Action	8	static
app_ble.c:1168:6:APP_BLE_Key_Button2_Action	4	static
app_ble.c:1172:6:APP_BLE_Key_Button3_Action	4	static
app_ble.c:1181:13:Ble_Tl_Init	16	static
app_ble.c:1192:13:Ble_Hci_Gap_Gatt_Init	80	static
app_ble.c:1344:13:Scan_Request	16	static
app_ble.c:1389:13:Adv_Request	48	static
app_ble.c:1440:13:ConnReq1	48	static
app_ble.c:1488:13:ConnReq2	48	static
app_ble.c:1529:13:ConnReq3	48	static
app_ble.c:1569:13:ConnReq4	48	static
app_ble.c:1609:13:ConnReq5	48	static
app_ble.c:1648:13:ConnReq6	48	static
app_ble.c:1691:6:Evt_Notification	24	static
app_ble.c:1797:16:BleGetBdAddress	32	static
app_ble.c:1845:6:hci_notify_asynch_evt	16	static
app_ble.c:1851:6:hci_cmd_resp_release	16	static
app_ble.c:1857:6:hci_cmd_resp_wait	16	static
app_ble.c:1863:13:BLE_UserEvtRx	24	static
app_ble.c:1881:13:BLE_StatusNot	24	static
app_ble.c:1912:6:SVCCTL_ResumeUserEventFlow	8	static
