stm32wbxx_ll_pwr.h:1664:22:LL_C2_PWR_SetPowerMode	16	static
stm32wbxx_ll_rcc.h:2329:22:LL_RCC_SetClkAfterWakeFromStop	16	static
app_entry.c:77:6:APPE_Init	8	static
app_entry.c:123:13:SystemPower_Config	8	static
app_entry.c:145:13:appe_Tl_Init	40	static
app_entry.c:170:13:APPE_SysStatusNot	16	static
app_entry.c:185:13:APPE_SysUserEvtRx	16	static
app_entry.c:206:6:UTIL_SEQ_Idle	8	static
app_entry.c:221:6:UTIL_SEQ_EvtIdle	16	static
app_entry.c:226:6:shci_notify_asynch_evt	16	static
app_entry.c:232:6:shci_cmd_resp_release	16	static
app_entry.c:238:6:shci_cmd_resp_wait	16	static
app_entry.c:245:6:HAL_GPIO_EXTI_Callback	16	static
