stm32wbxx_ll_rcc.h:1345:22:LL_RCC_HSE_SetCapacitorTuning	16	static
stm32wbxx_ll_rcc.h:1665:22:LL_RCC_LSE_SetDriveCapability	16	static
stm32wbxx_ll_rcc.h:2893:22:LL_RCC_ForceBackupDomainReset	4	static
stm32wbxx_ll_rcc.h:2903:22:LL_RCC_ReleaseBackupDomainReset	4	static
stm32wbxx_ll_rcc.h:4049:26:LL_RCC_IsActiveFlag_PINRST	4	static
stm32wbxx_ll_rcc.h:4059:26:LL_RCC_IsActiveFlag_SFTRST	4	static
stm32wbxx_ll_bus.h:365:22:LL_AHB1_GRP1_EnableClock	24	static
stm32wbxx_ll_bus.h:540:22:LL_AHB2_GRP1_EnableClock	24	static
stm32wbxx_ll_bus.h:745:22:LL_AHB3_GRP1_EnableClock	24	static
stm32wbxx_ll_ipcc.h:313:22:LL_C1_IPCC_DisableTransmitChannel	16	static
stm32wbxx_ll_ipcc.h:382:22:LL_C1_IPCC_DisableReceiveChannel	16	static
stm32wbxx_ll_ipcc.h:451:22:LL_C2_IPCC_DisableTransmitChannel	16	static
stm32wbxx_ll_ipcc.h:520:22:LL_C2_IPCC_DisableReceiveChannel	16	static
stm32wbxx_ll_ipcc.h:575:22:LL_C1_IPCC_ClearFlag_CHx	16	static
stm32wbxx_ll_ipcc.h:646:22:LL_C2_IPCC_ClearFlag_CHx	16	static
stm32wbxx_ll_cortex.h:310:22:LL_LPM_EnableSleep	4	static
stm32wbxx_ll_rtc.h:1029:22:LL_RTC_EnableWriteProtection	16	static
stm32wbxx_ll_rtc.h:1040:22:LL_RTC_DisableWriteProtection	16	static
stm32wbxx_ll_rtc.h:2998:22:LL_RTC_WAKEUP_SetClock	16	static
main.c:85:5:main	8	static
main.c:143:6:SystemClock_Config	192	static
main.c:234:13:MX_ADC1_Init	32	static
main.c:290:13:MX_RF_Init	4	static
main.c:311:13:MX_RTC_Init	8	static
main.c:352:13:MX_USART1_UART_Init	8	static
main.c:398:13:MX_DMA_Init	8	static
main.c:420:13:MX_GPIO_Init	32	static
main.c:460:13:Reset_Device	8	static
main.c:471:13:Reset_IPCC	8	static
main.c:508:13:Reset_BackupDomain	8	static
main.c:527:13:Config_HSE	16	static
main.c:543:6:HAL_Delay	24	static,ignoring_inline_asm
main.c:578:6:Error_Handler	4	static,ignoring_inline_asm
